
> client@0.1.0 build
> react-scripts build

Creating an optimized production build...
Compiled with warnings.

[eslint] 
src\App.js
  Line 70:8:  React Hook useEffect has an unnecessary dependency: 'token'. Either exclude it or remove the dependency array. Outer scope values like 'token' aren't valid dependencies because mutating them doesn't re-render the component  react-hooks/exhaustive-deps

src\components\AddRoom.js
  Line 298:13:  'response' is assigned a value but never used  no-unused-vars

src\components\NotificationBell.jsx
  Line 23:6:  React Hook useEffect has a missing dependency: 'fetchUnreadCount'. Either include it or remove the dependency array  react-hooks/exhaustive-deps

src\components\NotificationsPage.jsx
  Line 25:6:  React Hook useEffect has a missing dependency: 'fetchNotifications'. Either include it or remove the dependency array  react-hooks/exhaustive-deps

src\components\RoomDetails.js
  Line 132:13:  'response' is assigned a value but never used  no-unused-vars

Search for the keywords to learn more about each warning.
To ignore, add // eslint-disable-next-line to the line before.

File sizes after gzip:

  174.93 kB  build\static\js\main.7e42bb44.js
  59.76 kB   build\static\css\main.7f9c0548.css

The project was built assuming it is hosted at /.
You can control this with the homepage field in your package.json.

The build folder is ready to be deployed.
You may serve it with a static server:

  serve -s build

Find out more about deployment here:

  https://cra.link/deployment

